[YOMITOKU] start: data\uploads\20251105.pdf
[YOMITOKU] using Python package
[YOMITOKU] CLI: C:\jidoushiwake\.venv\Scripts\yomitoku.EXE
[YOMITOKU] OutDir: data\uploads\yomitoku_output
[YOMITOKU] Cmd: C:\jidoushiwake\.venv\Scripts\yomitoku.EXE data\uploads\20251105.pdf -f md --combine --encoding utf-8 -o data\uploads\yomitoku_output
[YOMITOKU] CLI returncode: 0

----- CLI STDOUT -----


----- CLI STDERR -----
2025-11-06 12:23:24,058 - yomitoku.base - INFO - Initialize TextDetector
2025-11-06 12:23:25,885 - yomitoku.base - WARNING - CUDA is not available. Use CPU instead.
2025-11-06 12:23:25,891 - yomitoku.base - INFO - Initialize TextRecognizer
2025-11-06 12:23:27,183 - yomitoku.base - WARNING - CUDA is not available. Use CPU instead.
2025-11-06 12:23:27,185 - yomitoku.base - INFO - Initialize LayoutParser
2025-11-06 12:23:28,175 - yomitoku.base - WARNING - CUDA is not available. Use CPU instead.
2025-11-06 12:23:28,186 - yomitoku.base - INFO - Initialize TableStructureRecognizer
2025-11-06 12:23:29,318 - yomitoku.base - WARNING - CUDA is not available. Use CPU instead.
2025-11-06 12:23:29,330 - yomitoku.cli.main - INFO - Output directory: data\uploads\yomitoku_output
2025-11-06 12:23:29,330 - yomitoku.cli.main - INFO - Processing file: data\uploads\20251105.pdf
2025-11-06 12:23:31,880 - yomitoku.base - INFO - LayoutParser __call__ elapsed_time: 2.4736995697021484
2025-11-06 12:23:31,888 - yomitoku.base - INFO - TableStructureRecognizer __call__ elapsed_time: 0.007776737213134766
2025-11-06 12:23:32,871 - yomitoku.base - INFO - TextDetector __call__ elapsed_time: 3.4649267196655273
2025-11-06 12:23:50,052 - yomitoku.base - INFO - TextRecognizer __call__ elapsed_time: 17.179445266723633
2025-11-06 12:23:50,104 - yomitoku.cli.main - INFO - Total Processing time: 20.77 sec

[YOMITOKU] collected: uploads_20251105.md (638 chars)
[YOMITOKU] collected: yomi_cli_3hnd81si_input.md (476 chars)
[YOMITOKU] collected: yomi_cli_bcapov00_input.md (243 chars)
[YOMITOKU] collected: yomi_cli_sp_4ysto_input.md (476 chars)
[YOMITOKU] collected: yomi_cli_v7qiv8ei_input.md (243 chars)
[YOMITOKU] total collected text: 2084 chars
[YOMITOKU] done
