[YOMITOKU] start: data\uploads\20251106_003.pdf
[YOMITOKU] using Python package
[YOMITOKU] CLI: C:\jidoushiwake\.venv\Scripts\yomitoku.EXE
[YOMITOKU] OutDir: data\uploads\yomitoku_output
[YOMITOKU] Cmd: C:\jidoushiwake\.venv\Scripts\yomitoku.EXE data\uploads\20251106_003.pdf -f md --combine --encoding utf-8 -o data\uploads\yomitoku_output
[YOMITOKU] CLI returncode: 0

----- CLI STDOUT -----


----- CLI STDERR -----
2025-11-06 13:04:28,734 - yomitoku.base - INFO - Initialize TextDetector
2025-11-06 13:04:30,515 - yomitoku.base - WARNING - CUDA is not available. Use CPU instead.
2025-11-06 13:04:30,519 - yomitoku.base - INFO - Initialize TextRecognizer
2025-11-06 13:04:31,820 - yomitoku.base - WARNING - CUDA is not available. Use CPU instead.
2025-11-06 13:04:31,824 - yomitoku.base - INFO - Initialize LayoutParser
2025-11-06 13:04:32,838 - yomitoku.base - WARNING - CUDA is not available. Use CPU instead.
2025-11-06 13:04:32,846 - yomitoku.base - INFO - Initialize TableStructureRecognizer
2025-11-06 13:04:34,076 - yomitoku.base - WARNING - CUDA is not available. Use CPU instead.
2025-11-06 13:04:34,096 - yomitoku.cli.main - INFO - Output directory: data\uploads\yomitoku_output
2025-11-06 13:04:34,096 - yomitoku.cli.main - INFO - Processing file: data\uploads\20251106_003.pdf
2025-11-06 13:04:36,142 - yomitoku.base - INFO - LayoutParser __call__ elapsed_time: 1.9449348449707031
2025-11-06 13:04:36,150 - yomitoku.base - INFO - TableStructureRecognizer __call__ elapsed_time: 0.007887601852416992
2025-11-06 13:04:38,003 - yomitoku.base - INFO - TextDetector __call__ elapsed_time: 3.8058722019195557
2025-11-06 13:04:43,564 - yomitoku.base - INFO - TextRecognizer __call__ elapsed_time: 5.558109283447266
2025-11-06 13:04:43,570 - yomitoku.cli.main - INFO - Total Processing time: 9.47 sec

[YOMITOKU] collected: uploads_20251105.md (638 chars)
[YOMITOKU] collected: uploads_20251106_002.md (212 chars)
[YOMITOKU] collected: uploads_20251106_003.md (193 chars)
[YOMITOKU] collected: yomi_cli_3hnd81si_input.md (476 chars)
[YOMITOKU] collected: yomi_cli_900h9vzy_input.md (263 chars)
[YOMITOKU] collected: yomi_cli_bcapov00_input.md (243 chars)
[YOMITOKU] collected: yomi_cli_sp_4ysto_input.md (476 chars)
[YOMITOKU] collected: yomi_cli_v7qiv8ei_input.md (243 chars)
[YOMITOKU] total collected text: 2758 chars
[YOMITOKU] done
