[YOMITOKU] start: data\uploads\20250319_ミーツサンエー平野店.pdf
[YOMITOKU] using Python package
[YOMITOKU] copied to temp ASCII path: data\uploads\yomitoku_output\yomi_cli_8f1m8498\input.pdf
[YOMITOKU] CLI: C:\jidoushiwake\.venv\Scripts\yomitoku.EXE
[YOMITOKU] OutDir: data\uploads\yomitoku_output
[YOMITOKU] Cmd: C:\jidoushiwake\.venv\Scripts\yomitoku.EXE data\uploads\yomitoku_output\yomi_cli_8f1m8498\input.pdf -f md --combine --encoding utf-8 -o data\uploads\yomitoku_output
[YOMITOKU] CLI returncode: 0

----- CLI STDOUT -----


----- CLI STDERR -----
2025-11-06 13:39:53,850 - yomitoku.base - INFO - Initialize TextDetector
2025-11-06 13:39:55,668 - yomitoku.base - WARNING - CUDA is not available. Use CPU instead.
2025-11-06 13:39:55,672 - yomitoku.base - INFO - Initialize TextRecognizer
2025-11-06 13:39:57,229 - yomitoku.base - WARNING - CUDA is not available. Use CPU instead.
2025-11-06 13:39:57,229 - yomitoku.base - INFO - Initialize LayoutParser
2025-11-06 13:39:58,178 - yomitoku.base - WARNING - CUDA is not available. Use CPU instead.
2025-11-06 13:39:58,182 - yomitoku.base - INFO - Initialize TableStructureRecognizer
2025-11-06 13:39:59,095 - yomitoku.base - WARNING - CUDA is not available. Use CPU instead.
2025-11-06 13:39:59,111 - yomitoku.cli.main - INFO - Output directory: data\uploads\yomitoku_output
2025-11-06 13:39:59,111 - yomitoku.cli.main - INFO - Processing file: data\uploads\yomitoku_output\yomi_cli_8f1m8498\input.pdf
2025-11-06 13:40:01,015 - yomitoku.base - INFO - LayoutParser __call__ elapsed_time: 1.8567047119140625
2025-11-06 13:40:01,020 - yomitoku.base - INFO - TableStructureRecognizer __call__ elapsed_time: 0.0029993057250976562
2025-11-06 13:40:02,433 - yomitoku.base - INFO - TextDetector __call__ elapsed_time: 3.275460720062256
2025-11-06 13:40:15,666 - yomitoku.base - INFO - TextRecognizer __call__ elapsed_time: 13.232892751693726
2025-11-06 13:40:15,699 - yomitoku.cli.main - INFO - Total Processing time: 16.59 sec

[YOMITOKU] collected: uploads_20251105.md (638 chars)
[YOMITOKU] collected: uploads_20251106_002.md (212 chars)
[YOMITOKU] collected: uploads_20251106_003.md (193 chars)
[YOMITOKU] collected: yomi_cli_20890523_input.md (243 chars)
[YOMITOKU] collected: yomi_cli_3hnd81si_input.md (476 chars)
[YOMITOKU] collected: yomi_cli_7qdces8u_input.md (263 chars)
[YOMITOKU] collected: yomi_cli_8f1m8498_input.md (476 chars)
[YOMITOKU] collected: yomi_cli_900h9vzy_input.md (263 chars)
[YOMITOKU] collected: yomi_cli_bcapov00_input.md (243 chars)
[YOMITOKU] collected: yomi_cli_sp_4ysto_input.md (476 chars)
[YOMITOKU] collected: yomi_cli_v7qiv8ei_input.md (243 chars)
[YOMITOKU] total collected text: 3746 chars
[YOMITOKU] done
