[YOMITOKU] start: data\uploads\20250319_ミーツサンエー平野店.pdf
[YOMITOKU] using Python package
[YOMITOKU] copied to temp ASCII path: data\uploads\yomitoku_output\yomi_cli_3hnd81si\input.pdf
[YOMITOKU] CLI: C:\jidoushiwake\.venv\Scripts\yomitoku.EXE
[YOMITOKU] OutDir: data\uploads\yomitoku_output
[YOMITOKU] Cmd: C:\jidoushiwake\.venv\Scripts\yomitoku.EXE data\uploads\yomitoku_output\yomi_cli_3hnd81si\input.pdf -f md --combine --encoding utf-8 -o data\uploads\yomitoku_output
[YOMITOKU] CLI returncode: 0

----- CLI STDOUT -----


----- CLI STDERR -----
2025-11-06 12:22:46,298 - yomitoku.base - INFO - Initialize TextDetector
2025-11-06 12:22:48,405 - yomitoku.base - WARNING - CUDA is not available. Use CPU instead.
2025-11-06 12:22:48,411 - yomitoku.base - INFO - Initialize TextRecognizer
2025-11-06 12:22:49,802 - yomitoku.base - WARNING - CUDA is not available. Use CPU instead.
2025-11-06 12:22:49,807 - yomitoku.base - INFO - Initialize LayoutParser
2025-11-06 12:22:50,869 - yomitoku.base - WARNING - CUDA is not available. Use CPU instead.
2025-11-06 12:22:50,885 - yomitoku.base - INFO - Initialize TableStructureRecognizer
2025-11-06 12:22:51,945 - yomitoku.base - WARNING - CUDA is not available. Use CPU instead.
2025-11-06 12:22:51,970 - yomitoku.cli.main - INFO - Output directory: data\uploads\yomitoku_output
2025-11-06 12:22:51,970 - yomitoku.cli.main - INFO - Processing file: data\uploads\yomitoku_output\yomi_cli_3hnd81si\input.pdf
2025-11-06 12:22:54,081 - yomitoku.base - INFO - LayoutParser __call__ elapsed_time: 2.07784104347229
2025-11-06 12:22:54,087 - yomitoku.base - INFO - TableStructureRecognizer __call__ elapsed_time: 0.006453037261962891
2025-11-06 12:22:55,279 - yomitoku.base - INFO - TextDetector __call__ elapsed_time: 3.2762277126312256
2025-11-06 12:23:08,057 - yomitoku.base - INFO - TextRecognizer __call__ elapsed_time: 12.775177001953125
2025-11-06 12:23:08,080 - yomitoku.cli.main - INFO - Total Processing time: 16.11 sec

[YOMITOKU] collected: uploads_20251105.md (638 chars)
[YOMITOKU] collected: yomi_cli_3hnd81si_input.md (476 chars)
[YOMITOKU] collected: yomi_cli_bcapov00_input.md (243 chars)
[YOMITOKU] collected: yomi_cli_sp_4ysto_input.md (476 chars)
[YOMITOKU] collected: yomi_cli_v7qiv8ei_input.md (243 chars)
[YOMITOKU] total collected text: 2084 chars
[YOMITOKU] done
