[YOMITOKU] start: data\uploads\20250319_ミーツサンエー平野店.pdf
[YOMITOKU] using Python package
[YOMITOKU] CLI: C:\jidoushiwake\.venv\Scripts\yomitoku.EXE
[YOMITOKU] OutDir: data\uploads\yomitoku_output\20250319____________20251106_153004_9491
[YOMITOKU] Cmd: C:\jidoushiwake\.venv\Scripts\yomitoku.EXE data\uploads\20250319_ミーツサンエー平野店.pdf -f md --combine --encoding utf-8 -o data\uploads\yomitoku_output\20250319____________20251106_153004_9491
[YOMITOKU] CLI returncode: 0

----- CLI STDOUT -----


----- CLI STDERR -----
2025-11-06 15:30:12,126 - yomitoku.base - INFO - Initialize TextDetector
2025-11-06 15:30:14,139 - yomitoku.base - WARNING - CUDA is not available. Use CPU instead.
2025-11-06 15:30:14,139 - yomitoku.base - INFO - Initialize TextRecognizer
2025-11-06 15:30:15,435 - yomitoku.base - WARNING - CUDA is not available. Use CPU instead.
2025-11-06 15:30:15,452 - yomitoku.base - INFO - Initialize LayoutParser
2025-11-06 15:30:16,452 - yomitoku.base - WARNING - CUDA is not available. Use CPU instead.
2025-11-06 15:30:16,452 - yomitoku.base - INFO - Initialize TableStructureRecognizer
2025-11-06 15:30:17,448 - yomitoku.base - WARNING - CUDA is not available. Use CPU instead.
2025-11-06 15:30:17,465 - yomitoku.cli.main - INFO - Output directory: data\uploads\yomitoku_output\20250319____________20251106_153004_9491
2025-11-06 15:30:17,465 - yomitoku.cli.main - INFO - Processing file: data\uploads\20250319_ミーツサンエー平野店.pdf
2025-11-06 15:30:19,971 - yomitoku.base - INFO - LayoutParser __call__ elapsed_time: 2.4593920707702637
2025-11-06 15:30:19,977 - yomitoku.base - INFO - TableStructureRecognizer __call__ elapsed_time: 0.0049970149993896484
2025-11-06 15:30:21,310 - yomitoku.base - INFO - TextDetector __call__ elapsed_time: 3.800926923751831
2025-11-06 15:30:34,774 - yomitoku.base - INFO - TextRecognizer __call__ elapsed_time: 13.463132619857788
2025-11-06 15:30:34,805 - yomitoku.cli.main - INFO - Total Processing time: 17.34 sec

[YOMITOKU] collected: uploads_20250319_ミーツサンエー平野店.md (476 chars)
[YOMITOKU] total collected text: 476 chars
[YOMITOKU] done
