[YOMITOKU] start: data\uploads\20251106_001.pdf
[YOMITOKU] using Python package
[YOMITOKU] CLI: C:\jidoushiwake\.venv\Scripts\yomitoku.EXE
[YOMITOKU] OutDir: data\uploads\yomitoku_output
[YOMITOKU] Cmd: C:\jidoushiwake\.venv\Scripts\yomitoku.EXE data\uploads\20251106_001.pdf -f md --combine --encoding utf-8 -o data\uploads\yomitoku_output
[YOMITOKU] CLI returncode: 0

----- CLI STDOUT -----


----- CLI STDERR -----
2025-11-06 13:04:00,460 - yomitoku.base - INFO - Initialize TextDetector
2025-11-06 13:04:02,641 - yomitoku.base - WARNING - CUDA is not available. Use CPU instead.
2025-11-06 13:04:02,648 - yomitoku.base - INFO - Initialize TextRecognizer
2025-11-06 13:04:04,118 - yomitoku.base - WARNING - CUDA is not available. Use CPU instead.
2025-11-06 13:04:04,123 - yomitoku.base - INFO - Initialize LayoutParser
2025-11-06 13:04:05,073 - yomitoku.base - WARNING - CUDA is not available. Use CPU instead.
2025-11-06 13:04:05,082 - yomitoku.base - INFO - Initialize TableStructureRecognizer
2025-11-06 13:04:06,038 - yomitoku.base - WARNING - CUDA is not available. Use CPU instead.
2025-11-06 13:04:06,050 - yomitoku.cli.main - INFO - Output directory: data\uploads\yomitoku_output
2025-11-06 13:04:06,050 - yomitoku.cli.main - INFO - Processing file: data\uploads\20251106_001.pdf
2025-11-06 13:04:08,708 - yomitoku.base - INFO - LayoutParser __call__ elapsed_time: 2.5396788120269775
2025-11-06 13:04:08,717 - yomitoku.base - INFO - TableStructureRecognizer __call__ elapsed_time: 0.00885009765625
2025-11-06 13:04:11,903 - yomitoku.base - INFO - TextDetector __call__ elapsed_time: 5.735109806060791
2025-11-06 13:04:17,121 - yomitoku.base - INFO - TextRecognizer __call__ elapsed_time: 5.217099189758301
2025-11-06 13:04:17,128 - yomitoku.cli.main - INFO - Total Processing time: 11.08 sec

[YOMITOKU] collected: uploads_20251105.md (638 chars)
[YOMITOKU] collected: uploads_20251106_002.md (212 chars)
[YOMITOKU] collected: yomi_cli_3hnd81si_input.md (476 chars)
[YOMITOKU] collected: yomi_cli_900h9vzy_input.md (263 chars)
[YOMITOKU] collected: yomi_cli_bcapov00_input.md (243 chars)
[YOMITOKU] collected: yomi_cli_sp_4ysto_input.md (476 chars)
[YOMITOKU] collected: yomi_cli_v7qiv8ei_input.md (243 chars)
[YOMITOKU] total collected text: 2563 chars
[YOMITOKU] done
