[YOMITOKU] start: data\uploads\20250319_ミーツサンエー平野店.pdf
[YOMITOKU] using Python package
[YOMITOKU] copied to temp ASCII path: data\uploads\yomitoku_output\yomi_cli_sp_4ysto\input.pdf
[YOMITOKU] CLI: C:\jidoushiwake\.venv\Scripts\yomitoku.EXE
[YOMITOKU] OutDir: data\uploads\yomitoku_output
[YOMITOKU] Cmd: C:\jidoushiwake\.venv\Scripts\yomitoku.EXE data\uploads\yomitoku_output\yomi_cli_sp_4ysto\input.pdf -f md --combine --encoding utf-8 -o data\uploads\yomitoku_output
[YOMITOKU] CLI returncode: 0

----- CLI STDOUT -----


----- CLI STDERR -----
2025-11-06 11:45:50,268 - yomitoku.base - INFO - Initialize TextDetector
2025-11-06 11:45:52,195 - yomitoku.base - WARNING - CUDA is not available. Use CPU instead.
2025-11-06 11:45:52,203 - yomitoku.base - INFO - Initialize TextRecognizer
2025-11-06 11:45:53,635 - yomitoku.base - WARNING - CUDA is not available. Use CPU instead.
2025-11-06 11:45:53,654 - yomitoku.base - INFO - Initialize LayoutParser
2025-11-06 11:45:54,770 - yomitoku.base - WARNING - CUDA is not available. Use CPU instead.
2025-11-06 11:45:54,770 - yomitoku.base - INFO - Initialize TableStructureRecognizer
2025-11-06 11:45:55,790 - yomitoku.base - WARNING - CUDA is not available. Use CPU instead.
2025-11-06 11:45:55,802 - yomitoku.cli.main - INFO - Output directory: data\uploads\yomitoku_output
2025-11-06 11:45:55,802 - yomitoku.cli.main - INFO - Processing file: data\uploads\yomitoku_output\yomi_cli_sp_4ysto\input.pdf
2025-11-06 11:45:57,870 - yomitoku.base - INFO - LayoutParser __call__ elapsed_time: 2.02897310256958
2025-11-06 11:45:57,874 - yomitoku.base - INFO - TableStructureRecognizer __call__ elapsed_time: 0.003010988235473633
2025-11-06 11:45:59,128 - yomitoku.base - INFO - TextDetector __call__ elapsed_time: 3.2870688438415527
2025-11-06 11:46:13,386 - yomitoku.base - INFO - TextRecognizer __call__ elapsed_time: 14.255740404129028
2025-11-06 11:46:13,412 - yomitoku.cli.main - INFO - Total Processing time: 17.61 sec

[YOMITOKU] collected: yomi_cli_sp_4ysto_input.md (476 chars)
[YOMITOKU] collected: yomi_cli_v7qiv8ei_input.md (243 chars)
[YOMITOKU] total collected text: 721 chars
[YOMITOKU] done
