[YOMITOKU] start: data\uploads\20250318_天王寺店.pdf
[YOMITOKU] using Python package
[YOMITOKU] CLI: C:\jidoushiwake\.venv\Scripts\yomitoku.EXE
[YOMITOKU] OutDir: data\uploads\yomitoku_output\20250318______20251106_152802_3251
[YOMITOKU] Cmd: C:\jidoushiwake\.venv\Scripts\yomitoku.EXE data\uploads\20250318_天王寺店.pdf -f md --combine --encoding utf-8 -o data\uploads\yomitoku_output\20250318______20251106_152802_3251
[YOMITOKU] CLI returncode: 0

----- CLI STDOUT -----


----- CLI STDERR -----
2025-11-06 15:28:08,293 - yomitoku.base - INFO - Initialize TextDetector
2025-11-06 15:28:09,576 - yomitoku.base - WARNING - CUDA is not available. Use CPU instead.
2025-11-06 15:28:09,580 - yomitoku.base - INFO - Initialize TextRecognizer
2025-11-06 15:28:10,613 - yomitoku.base - WARNING - CUDA is not available. Use CPU instead.
2025-11-06 15:28:10,617 - yomitoku.base - INFO - Initialize LayoutParser
2025-11-06 15:28:11,322 - yomitoku.base - WARNING - CUDA is not available. Use CPU instead.
2025-11-06 15:28:11,329 - yomitoku.base - INFO - Initialize TableStructureRecognizer
2025-11-06 15:28:12,073 - yomitoku.base - WARNING - CUDA is not available. Use CPU instead.
2025-11-06 15:28:12,083 - yomitoku.cli.main - INFO - Output directory: data\uploads\yomitoku_output\20250318______20251106_152802_3251
2025-11-06 15:28:12,083 - yomitoku.cli.main - INFO - Processing file: data\uploads\20250318_天王寺店.pdf
2025-11-06 15:28:13,828 - yomitoku.base - INFO - LayoutParser __call__ elapsed_time: 1.706413984298706
2025-11-06 15:28:13,835 - yomitoku.base - INFO - TableStructureRecognizer __call__ elapsed_time: 0.00700068473815918
2025-11-06 15:28:15,102 - yomitoku.base - INFO - TextDetector __call__ elapsed_time: 2.980386734008789
2025-11-06 15:28:18,581 - yomitoku.base - INFO - TextRecognizer __call__ elapsed_time: 3.4790267944335938
2025-11-06 15:28:18,586 - yomitoku.cli.main - INFO - Total Processing time: 6.50 sec

[YOMITOKU] collected: uploads_20250318_天王寺店.md (243 chars)
[YOMITOKU] total collected text: 243 chars
[YOMITOKU] done
