[YOMITOKU] start: data\uploads\20250318_天王寺店.pdf
[YOMITOKU] using Python package
[YOMITOKU] copied to temp ASCII path: data\uploads\yomitoku_output\yomi_cli_20890523\input.pdf
[YOMITOKU] CLI: C:\jidoushiwake\.venv\Scripts\yomitoku.EXE
[YOMITOKU] OutDir: data\uploads\yomitoku_output
[YOMITOKU] Cmd: C:\jidoushiwake\.venv\Scripts\yomitoku.EXE data\uploads\yomitoku_output\yomi_cli_20890523\input.pdf -f md --combine --encoding utf-8 -o data\uploads\yomitoku_output
[YOMITOKU] CLI returncode: 0

----- CLI STDOUT -----


----- CLI STDERR -----
2025-11-06 13:37:32,178 - yomitoku.base - INFO - Initialize TextDetector
2025-11-06 13:37:33,383 - yomitoku.base - WARNING - CUDA is not available. Use CPU instead.
2025-11-06 13:37:33,388 - yomitoku.base - INFO - Initialize TextRecognizer
2025-11-06 13:37:34,415 - yomitoku.base - WARNING - CUDA is not available. Use CPU instead.
2025-11-06 13:37:34,418 - yomitoku.base - INFO - Initialize LayoutParser
2025-11-06 13:37:35,187 - yomitoku.base - WARNING - CUDA is not available. Use CPU instead.
2025-11-06 13:37:35,193 - yomitoku.base - INFO - Initialize TableStructureRecognizer
2025-11-06 13:37:35,933 - yomitoku.base - WARNING - CUDA is not available. Use CPU instead.
2025-11-06 13:37:35,942 - yomitoku.cli.main - INFO - Output directory: data\uploads\yomitoku_output
2025-11-06 13:37:35,942 - yomitoku.cli.main - INFO - Processing file: data\uploads\yomitoku_output\yomi_cli_20890523\input.pdf
2025-11-06 13:37:37,895 - yomitoku.base - INFO - LayoutParser __call__ elapsed_time: 1.9133002758026123
2025-11-06 13:37:37,903 - yomitoku.base - INFO - TableStructureRecognizer __call__ elapsed_time: 0.006999492645263672
2025-11-06 13:37:39,201 - yomitoku.base - INFO - TextDetector __call__ elapsed_time: 3.2182416915893555
2025-11-06 13:37:43,006 - yomitoku.base - INFO - TextRecognizer __call__ elapsed_time: 3.8049724102020264
2025-11-06 13:37:43,013 - yomitoku.cli.main - INFO - Total Processing time: 7.07 sec

[YOMITOKU] collected: uploads_20251105.md (638 chars)
[YOMITOKU] collected: uploads_20251106_002.md (212 chars)
[YOMITOKU] collected: uploads_20251106_003.md (193 chars)
[YOMITOKU] collected: yomi_cli_20890523_input.md (243 chars)
[YOMITOKU] collected: yomi_cli_3hnd81si_input.md (476 chars)
[YOMITOKU] collected: yomi_cli_7qdces8u_input.md (263 chars)
[YOMITOKU] collected: yomi_cli_900h9vzy_input.md (263 chars)
[YOMITOKU] collected: yomi_cli_bcapov00_input.md (243 chars)
[YOMITOKU] collected: yomi_cli_sp_4ysto_input.md (476 chars)
[YOMITOKU] collected: yomi_cli_v7qiv8ei_input.md (243 chars)
[YOMITOKU] total collected text: 3268 chars
[YOMITOKU] done
