[YOMITOKU] start: data\uploads\20251106_003.pdf
[YOMITOKU] using Python package
[YOMITOKU] CLI: C:\jidoushiwake\.venv\Scripts\yomitoku.EXE
[YOMITOKU] OutDir: data\uploads\yomitoku_output
[YOMITOKU] Cmd: C:\jidoushiwake\.venv\Scripts\yomitoku.EXE data\uploads\20251106_003.pdf -f md --combine --encoding utf-8 -o data\uploads\yomitoku_output
[YOMITOKU] CLI returncode: 0

----- CLI STDOUT -----


----- CLI STDERR -----
2025-11-06 13:16:56,886 - yomitoku.base - INFO - Initialize TextDetector
2025-11-06 13:16:59,004 - yomitoku.base - WARNING - CUDA is not available. Use CPU instead.
2025-11-06 13:16:59,007 - yomitoku.base - INFO - Initialize TextRecognizer
2025-11-06 13:17:00,420 - yomitoku.base - WARNING - CUDA is not available. Use CPU instead.
2025-11-06 13:17:00,428 - yomitoku.base - INFO - Initialize LayoutParser
2025-11-06 13:17:01,548 - yomitoku.base - WARNING - CUDA is not available. Use CPU instead.
2025-11-06 13:17:01,558 - yomitoku.base - INFO - Initialize TableStructureRecognizer
2025-11-06 13:17:02,580 - yomitoku.base - WARNING - CUDA is not available. Use CPU instead.
2025-11-06 13:17:02,597 - yomitoku.cli.main - INFO - Output directory: data\uploads\yomitoku_output
2025-11-06 13:17:02,597 - yomitoku.cli.main - INFO - Processing file: data\uploads\20251106_003.pdf
2025-11-06 13:17:05,402 - yomitoku.base - INFO - LayoutParser __call__ elapsed_time: 2.6939353942871094
2025-11-06 13:17:05,411 - yomitoku.base - INFO - TableStructureRecognizer __call__ elapsed_time: 0.008360624313354492
2025-11-06 13:17:07,091 - yomitoku.base - INFO - TextDetector __call__ elapsed_time: 4.384343862533569
2025-11-06 13:17:13,103 - yomitoku.base - INFO - TextRecognizer __call__ elapsed_time: 6.011490345001221
2025-11-06 13:17:13,125 - yomitoku.cli.main - INFO - Total Processing time: 10.53 sec

[YOMITOKU] collected: uploads_20251105.md (638 chars)
[YOMITOKU] collected: uploads_20251106_002.md (212 chars)
[YOMITOKU] collected: uploads_20251106_003.md (193 chars)
[YOMITOKU] collected: yomi_cli_3hnd81si_input.md (476 chars)
[YOMITOKU] collected: yomi_cli_7qdces8u_input.md (263 chars)
[YOMITOKU] collected: yomi_cli_900h9vzy_input.md (263 chars)
[YOMITOKU] collected: yomi_cli_bcapov00_input.md (243 chars)
[YOMITOKU] collected: yomi_cli_sp_4ysto_input.md (476 chars)
[YOMITOKU] collected: yomi_cli_v7qiv8ei_input.md (243 chars)
[YOMITOKU] total collected text: 3023 chars
[YOMITOKU] done
