[YOMITOKU] start: data\uploads\20251106_002.pdf
[YOMITOKU] using Python package
[YOMITOKU] CLI: C:\jidoushiwake\.venv\Scripts\yomitoku.EXE
[YOMITOKU] OutDir: data\uploads\yomitoku_output
[YOMITOKU] Cmd: C:\jidoushiwake\.venv\Scripts\yomitoku.EXE data\uploads\20251106_002.pdf -f md --combine --encoding utf-8 -o data\uploads\yomitoku_output
[YOMITOKU] CLI returncode: 0

----- CLI STDOUT -----


----- CLI STDERR -----
2025-11-06 13:15:53,735 - yomitoku.base - INFO - Initialize TextDetector
2025-11-06 13:15:55,617 - yomitoku.base - WARNING - CUDA is not available. Use CPU instead.
2025-11-06 13:15:55,622 - yomitoku.base - INFO - Initialize TextRecognizer
2025-11-06 13:15:57,057 - yomitoku.base - WARNING - CUDA is not available. Use CPU instead.
2025-11-06 13:15:57,060 - yomitoku.base - INFO - Initialize LayoutParser
2025-11-06 13:15:58,095 - yomitoku.base - WARNING - CUDA is not available. Use CPU instead.
2025-11-06 13:15:58,105 - yomitoku.base - INFO - Initialize TableStructureRecognizer
2025-11-06 13:15:59,176 - yomitoku.base - WARNING - CUDA is not available. Use CPU instead.
2025-11-06 13:15:59,190 - yomitoku.cli.main - INFO - Output directory: data\uploads\yomitoku_output
2025-11-06 13:15:59,190 - yomitoku.cli.main - INFO - Processing file: data\uploads\20251106_002.pdf
2025-11-06 13:16:01,826 - yomitoku.base - INFO - LayoutParser __call__ elapsed_time: 2.5582098960876465
2025-11-06 13:16:01,837 - yomitoku.base - INFO - TableStructureRecognizer __call__ elapsed_time: 0.01098322868347168
2025-11-06 13:16:05,379 - yomitoku.base - INFO - TextDetector __call__ elapsed_time: 6.110999345779419
2025-11-06 13:16:11,546 - yomitoku.base - INFO - TextRecognizer __call__ elapsed_time: 6.1670567989349365
2025-11-06 13:16:11,555 - yomitoku.cli.main - INFO - Total Processing time: 12.36 sec

[YOMITOKU] collected: uploads_20251105.md (638 chars)
[YOMITOKU] collected: uploads_20251106_002.md (212 chars)
[YOMITOKU] collected: uploads_20251106_003.md (193 chars)
[YOMITOKU] collected: yomi_cli_3hnd81si_input.md (476 chars)
[YOMITOKU] collected: yomi_cli_7qdces8u_input.md (263 chars)
[YOMITOKU] collected: yomi_cli_900h9vzy_input.md (263 chars)
[YOMITOKU] collected: yomi_cli_bcapov00_input.md (243 chars)
[YOMITOKU] collected: yomi_cli_sp_4ysto_input.md (476 chars)
[YOMITOKU] collected: yomi_cli_v7qiv8ei_input.md (243 chars)
[YOMITOKU] total collected text: 3023 chars
[YOMITOKU] done
