[YOMITOKU] start: data\uploads\(レシート日付)_tmm.pdf
[YOMITOKU] using Python package
[YOMITOKU] CLI: C:\jidoushiwake\.venv\Scripts\yomitoku.EXE
[YOMITOKU] OutDir: data\uploads\yomitoku_output
[YOMITOKU] Cmd: C:\jidoushiwake\.venv\Scripts\yomitoku.EXE data\uploads\(レシート日付)_tmm.pdf -f md --combine --encoding utf-8 -o data\uploads\yomitoku_output
[YOMITOKU] CLI returncode: 1
[YOMITOKU] CLI stderr: 2025-11-04 15:15:32,540 - yomitoku.base - INFO - Initialize TextDetector
2025-11-04 15:15:33,660 - yomitoku.base - WARNING - CUDA is not available. Use CPU instead.
2025-11-04 15:15:33,662 - yomitoku.base - INFO - Initialize TextRecognizer
2025-11-04 15:15:34,949 - yomitoku.base - WARNING - CUDA is not available. Use CPU instead.
2025-11-04 15:15:34,952 - yomitoku.base - INFO - Initialize LayoutParser
2025-11-04 15:15:35,766 - yomitoku.base - WARNING - CUDA is not available. Use CPU instead.
2025-11-04 15:15:35,775 - yomitoku.base - INFO - Initialize TableStructureRecognizer
2025-11-04 15:15:36,590 - yomitoku.base - WARNING - CUDA is not available. Use CPU instead.
2025-11-04 15:15:36,603 - yomitoku.cli.main - INFO - Output directory: data\uploads\yomitoku_output
2025-11-04 15:15:36,603 - yomitoku.cli.main - INFO - Processing file: data\uploads\(レシート日付)_tmm.pdf
Traceback (most recent call last):
  File "C:\jidoushiwake\.venv\Lib\site-packages\yomitoku\data\functions.py", line 109, in load_pdf
    renderer = doc.render(
               ^^^^^^^^^^
AttributeError: 'PdfDocument' object has no attribute 'render'

The above exception was the direct cause of the following exception:

Traceback (most recent call last):
  File "<frozen runpy>", line 198, in _run_module_as_main
  File "<frozen runpy>", line 88, in _run_code
  File "C:\jidoushiwake\.venv\Scripts\yomitoku.EXE\__main__.py", line 6, in <module>
  File "C:\jidoushiwake\.venv\Lib\site-packages\yomitoku\cli\main.py", line 470, in main
    process_single_file(args, analyzer, path, format)
  File "C:\jidoushiwake\.venv\Lib\site-packages\yomitoku\cli\main.py", line 93, in process_single_file
    imgs = load_pdf(path)
           ^^^^^^^^^^^^^^
  File "C:\jidoushiwake\.venv\Lib\site-packages\yomitoku\data\functions.py", line 118, in load_pdf
    raise ValueError(f"Failed to open the PDF file: {pdf_path}") from e
ValueError: Failed to open the PDF file: data\uploads\(レシート日付)_tmm.pdf
-> Cannot close object; pdfium library i

----- CLI STDOUT -----


----- CLI STDERR -----
2025-11-04 15:15:32,540 - yomitoku.base - INFO - Initialize TextDetector
2025-11-04 15:15:33,660 - yomitoku.base - WARNING - CUDA is not available. Use CPU instead.
2025-11-04 15:15:33,662 - yomitoku.base - INFO - Initialize TextRecognizer
2025-11-04 15:15:34,949 - yomitoku.base - WARNING - CUDA is not available. Use CPU instead.
2025-11-04 15:15:34,952 - yomitoku.base - INFO - Initialize LayoutParser
2025-11-04 15:15:35,766 - yomitoku.base - WARNING - CUDA is not available. Use CPU instead.
2025-11-04 15:15:35,775 - yomitoku.base - INFO - Initialize TableStructureRecognizer
2025-11-04 15:15:36,590 - yomitoku.base - WARNING - CUDA is not available. Use CPU instead.
2025-11-04 15:15:36,603 - yomitoku.cli.main - INFO - Output directory: data\uploads\yomitoku_output
2025-11-04 15:15:36,603 - yomitoku.cli.main - INFO - Processing file: data\uploads\(レシート日付)_tmm.pdf
Traceback (most recent call last):
  File "C:\jidoushiwake\.venv\Lib\site-packages\yomitoku\data\functions.py", line 109, in load_pdf
    renderer = doc.render(
               ^^^^^^^^^^
AttributeError: 'PdfDocument' object has no attribute 'render'

The above exception was the direct cause of the following exception:

Traceback (most recent call last):
  File "<frozen runpy>", line 198, in _run_module_as_main
  File "<frozen runpy>", line 88, in _run_code
  File "C:\jidoushiwake\.venv\Scripts\yomitoku.EXE\__main__.py", line 6, in <module>
  File "C:\jidoushiwake\.venv\Lib\site-packages\yomitoku\cli\main.py", line 470, in main
    process_single_file(args, analyzer, path, format)
  File "C:\jidoushiwake\.venv\Lib\site-packages\yomitoku\cli\main.py", line 93, in process_single_file
    imgs = load_pdf(path)
           ^^^^^^^^^^^^^^
  File "C:\jidoushiwake\.venv\Lib\site-packages\yomitoku\data\functions.py", line 118, in load_pdf
    raise ValueError(f"Failed to open the PDF file: {pdf_path}") from e
ValueError: Failed to open the PDF file: data\uploads\(レシート日付)_tmm.pdf
-> Cannot close object; pdfium library is destroyed. This may cause a memory leak.

[YOMITOKU] total collected text: 0 chars
