[YOMITOKU] start: data\uploads\20251106_002.pdf
[YOMITOKU] using Python package
[YOMITOKU] CLI: C:\jidoushiwake\.venv\Scripts\yomitoku.EXE
[YOMITOKU] OutDir: data\uploads\yomitoku_output
[YOMITOKU] Cmd: C:\jidoushiwake\.venv\Scripts\yomitoku.EXE data\uploads\20251106_002.pdf -f md --combine --encoding utf-8 -o data\uploads\yomitoku_output
[YOMITOKU] CLI returncode: 0

----- CLI STDOUT -----


----- CLI STDERR -----
2025-11-06 13:03:26,922 - yomitoku.base - INFO - Initialize TextDetector
2025-11-06 13:03:29,311 - yomitoku.base - WARNING - CUDA is not available. Use CPU instead.
2025-11-06 13:03:29,316 - yomitoku.base - INFO - Initialize TextRecognizer
2025-11-06 13:03:30,991 - yomitoku.base - WARNING - CUDA is not available. Use CPU instead.
2025-11-06 13:03:30,995 - yomitoku.base - INFO - Initialize LayoutParser
2025-11-06 13:03:32,221 - yomitoku.base - WARNING - CUDA is not available. Use CPU instead.
2025-11-06 13:03:32,232 - yomitoku.base - INFO - Initialize TableStructureRecognizer
2025-11-06 13:03:33,249 - yomitoku.base - WARNING - CUDA is not available. Use CPU instead.
2025-11-06 13:03:33,263 - yomitoku.cli.main - INFO - Output directory: data\uploads\yomitoku_output
2025-11-06 13:03:33,263 - yomitoku.cli.main - INFO - Processing file: data\uploads\20251106_002.pdf
2025-11-06 13:03:35,269 - yomitoku.base - INFO - LayoutParser __call__ elapsed_time: 1.905275821685791
2025-11-06 13:03:35,277 - yomitoku.base - INFO - TableStructureRecognizer __call__ elapsed_time: 0.007777214050292969
2025-11-06 13:03:38,841 - yomitoku.base - INFO - TextDetector __call__ elapsed_time: 5.476834774017334
2025-11-06 13:03:45,443 - yomitoku.base - INFO - TextRecognizer __call__ elapsed_time: 6.601926803588867
2025-11-06 13:03:45,450 - yomitoku.cli.main - INFO - Total Processing time: 12.19 sec

[YOMITOKU] collected: uploads_20251105.md (638 chars)
[YOMITOKU] collected: uploads_20251106_002.md (212 chars)
[YOMITOKU] collected: yomi_cli_3hnd81si_input.md (476 chars)
[YOMITOKU] collected: yomi_cli_900h9vzy_input.md (263 chars)
[YOMITOKU] collected: yomi_cli_bcapov00_input.md (243 chars)
[YOMITOKU] collected: yomi_cli_sp_4ysto_input.md (476 chars)
[YOMITOKU] collected: yomi_cli_v7qiv8ei_input.md (243 chars)
[YOMITOKU] total collected text: 2563 chars
[YOMITOKU] done
