[YOMITOKU] start: data\uploads\20250820_株式会社.pdf
[YOMITOKU] using Python package
[YOMITOKU] copied to temp ASCII path: data\uploads\yomitoku_output\yomi_cli_7qdces8u\input.pdf
[YOMITOKU] CLI: C:\jidoushiwake\.venv\Scripts\yomitoku.EXE
[YOMITOKU] OutDir: data\uploads\yomitoku_output
[YOMITOKU] Cmd: C:\jidoushiwake\.venv\Scripts\yomitoku.EXE data\uploads\yomitoku_output\yomi_cli_7qdces8u\input.pdf -f md --combine --encoding utf-8 -o data\uploads\yomitoku_output
[YOMITOKU] CLI returncode: 0

----- CLI STDOUT -----


----- CLI STDERR -----
2025-11-06 13:13:23,927 - yomitoku.base - INFO - Initialize TextDetector
2025-11-06 13:13:25,820 - yomitoku.base - WARNING - CUDA is not available. Use CPU instead.
2025-11-06 13:13:25,824 - yomitoku.base - INFO - Initialize TextRecognizer
2025-11-06 13:13:27,267 - yomitoku.base - WARNING - CUDA is not available. Use CPU instead.
2025-11-06 13:13:27,271 - yomitoku.base - INFO - Initialize LayoutParser
2025-11-06 13:13:28,200 - yomitoku.base - WARNING - CUDA is not available. Use CPU instead.
2025-11-06 13:13:28,222 - yomitoku.base - INFO - Initialize TableStructureRecognizer
2025-11-06 13:13:29,202 - yomitoku.base - WARNING - CUDA is not available. Use CPU instead.
2025-11-06 13:13:29,218 - yomitoku.cli.main - INFO - Output directory: data\uploads\yomitoku_output
2025-11-06 13:13:29,218 - yomitoku.cli.main - INFO - Processing file: data\uploads\yomitoku_output\yomi_cli_7qdces8u\input.pdf
2025-11-06 13:13:31,360 - yomitoku.base - INFO - LayoutParser __call__ elapsed_time: 2.1014983654022217
2025-11-06 13:13:31,362 - yomitoku.base - INFO - TableStructureRecognizer __call__ elapsed_time: 0.002007007598876953
2025-11-06 13:13:35,054 - yomitoku.base - INFO - TextDetector __call__ elapsed_time: 5.795591115951538
2025-11-06 13:13:42,224 - yomitoku.base - INFO - TextRecognizer __call__ elapsed_time: 7.167043447494507
2025-11-06 13:13:42,242 - yomitoku.cli.main - INFO - Total Processing time: 13.02 sec

[YOMITOKU] collected: uploads_20251105.md (638 chars)
[YOMITOKU] collected: uploads_20251106_002.md (212 chars)
[YOMITOKU] collected: uploads_20251106_003.md (193 chars)
[YOMITOKU] collected: yomi_cli_3hnd81si_input.md (476 chars)
[YOMITOKU] collected: yomi_cli_7qdces8u_input.md (263 chars)
[YOMITOKU] collected: yomi_cli_900h9vzy_input.md (263 chars)
[YOMITOKU] collected: yomi_cli_bcapov00_input.md (243 chars)
[YOMITOKU] collected: yomi_cli_sp_4ysto_input.md (476 chars)
[YOMITOKU] collected: yomi_cli_v7qiv8ei_input.md (243 chars)
[YOMITOKU] total collected text: 3023 chars
[YOMITOKU] done
