[YOMITOKU] start: data\uploads\20251105.pdf
[YOMITOKU] using Python package
[YOMITOKU] CLI: C:\jidoushiwake\.venv\Scripts\yomitoku.EXE
[YOMITOKU] OutDir: data\uploads\yomitoku_output
[YOMITOKU] Cmd: C:\jidoushiwake\.venv\Scripts\yomitoku.EXE data\uploads\20251105.pdf -f md --combine --encoding utf-8 -o data\uploads\yomitoku_output
[YOMITOKU] CLI returncode: 0

----- CLI STDOUT -----


----- CLI STDERR -----
2025-11-06 13:40:31,466 - yomitoku.base - INFO - Initialize TextDetector
2025-11-06 13:40:33,385 - yomitoku.base - WARNING - CUDA is not available. Use CPU instead.
2025-11-06 13:40:33,385 - yomitoku.base - INFO - Initialize TextRecognizer
2025-11-06 13:40:34,763 - yomitoku.base - WARNING - CUDA is not available. Use CPU instead.
2025-11-06 13:40:34,766 - yomitoku.base - INFO - Initialize LayoutParser
2025-11-06 13:40:35,890 - yomitoku.base - WARNING - CUDA is not available. Use CPU instead.
2025-11-06 13:40:35,899 - yomitoku.base - INFO - Initialize TableStructureRecognizer
2025-11-06 13:40:36,927 - yomitoku.base - WARNING - CUDA is not available. Use CPU instead.
2025-11-06 13:40:36,944 - yomitoku.cli.main - INFO - Output directory: data\uploads\yomitoku_output
2025-11-06 13:40:36,944 - yomitoku.cli.main - INFO - Processing file: data\uploads\20251105.pdf
2025-11-06 13:40:39,133 - yomitoku.base - INFO - LayoutParser __call__ elapsed_time: 2.1159286499023438
2025-11-06 13:40:39,143 - yomitoku.base - INFO - TableStructureRecognizer __call__ elapsed_time: 0.00669550895690918
2025-11-06 13:40:40,475 - yomitoku.base - INFO - TextDetector __call__ elapsed_time: 3.457496166229248
2025-11-06 13:40:57,152 - yomitoku.base - INFO - TextRecognizer __call__ elapsed_time: 16.67630672454834
2025-11-06 13:40:57,243 - yomitoku.cli.main - INFO - Total Processing time: 20.30 sec

[YOMITOKU] collected: uploads_20251105.md (638 chars)
[YOMITOKU] collected: uploads_20251106_002.md (212 chars)
[YOMITOKU] collected: uploads_20251106_003.md (193 chars)
[YOMITOKU] collected: yomi_cli_20890523_input.md (243 chars)
[YOMITOKU] collected: yomi_cli_3hnd81si_input.md (476 chars)
[YOMITOKU] collected: yomi_cli_7qdces8u_input.md (263 chars)
[YOMITOKU] collected: yomi_cli_8f1m8498_input.md (476 chars)
[YOMITOKU] collected: yomi_cli_900h9vzy_input.md (263 chars)
[YOMITOKU] collected: yomi_cli_bcapov00_input.md (243 chars)
[YOMITOKU] collected: yomi_cli_sp_4ysto_input.md (476 chars)
[YOMITOKU] collected: yomi_cli_v7qiv8ei_input.md (243 chars)
[YOMITOKU] total collected text: 3746 chars
[YOMITOKU] done
