[YOMITOKU] start: data\uploads\20251106_001.pdf
[YOMITOKU] using Python package
[YOMITOKU] CLI: C:\jidoushiwake\.venv\Scripts\yomitoku.EXE
[YOMITOKU] OutDir: data\uploads\yomitoku_output
[YOMITOKU] Cmd: C:\jidoushiwake\.venv\Scripts\yomitoku.EXE data\uploads\20251106_001.pdf -f md --combine --encoding utf-8 -o data\uploads\yomitoku_output
[YOMITOKU] CLI returncode: 0

----- CLI STDOUT -----


----- CLI STDERR -----
2025-11-06 13:16:28,556 - yomitoku.base - INFO - Initialize TextDetector
2025-11-06 13:16:30,605 - yomitoku.base - WARNING - CUDA is not available. Use CPU instead.
2025-11-06 13:16:30,610 - yomitoku.base - INFO - Initialize TextRecognizer
2025-11-06 13:16:31,975 - yomitoku.base - WARNING - CUDA is not available. Use CPU instead.
2025-11-06 13:16:31,982 - yomitoku.base - INFO - Initialize LayoutParser
2025-11-06 13:16:33,105 - yomitoku.base - WARNING - CUDA is not available. Use CPU instead.
2025-11-06 13:16:33,117 - yomitoku.base - INFO - Initialize TableStructureRecognizer
2025-11-06 13:16:34,283 - yomitoku.base - WARNING - CUDA is not available. Use CPU instead.
2025-11-06 13:16:34,298 - yomitoku.cli.main - INFO - Output directory: data\uploads\yomitoku_output
2025-11-06 13:16:34,298 - yomitoku.cli.main - INFO - Processing file: data\uploads\20251106_001.pdf
2025-11-06 13:16:36,996 - yomitoku.base - INFO - LayoutParser __call__ elapsed_time: 2.574537992477417
2025-11-06 13:16:37,008 - yomitoku.base - INFO - TableStructureRecognizer __call__ elapsed_time: 0.011126518249511719
2025-11-06 13:16:40,271 - yomitoku.base - INFO - TextDetector __call__ elapsed_time: 5.849900484085083
2025-11-06 13:16:45,796 - yomitoku.base - INFO - TextRecognizer __call__ elapsed_time: 5.524937152862549
2025-11-06 13:16:45,804 - yomitoku.cli.main - INFO - Total Processing time: 11.51 sec

[YOMITOKU] collected: uploads_20251105.md (638 chars)
[YOMITOKU] collected: uploads_20251106_002.md (212 chars)
[YOMITOKU] collected: uploads_20251106_003.md (193 chars)
[YOMITOKU] collected: yomi_cli_3hnd81si_input.md (476 chars)
[YOMITOKU] collected: yomi_cli_7qdces8u_input.md (263 chars)
[YOMITOKU] collected: yomi_cli_900h9vzy_input.md (263 chars)
[YOMITOKU] collected: yomi_cli_bcapov00_input.md (243 chars)
[YOMITOKU] collected: yomi_cli_sp_4ysto_input.md (476 chars)
[YOMITOKU] collected: yomi_cli_v7qiv8ei_input.md (243 chars)
[YOMITOKU] total collected text: 3023 chars
[YOMITOKU] done
