[YOMITOKU] start: data\uploads\20250318_天王寺店.pdf
[YOMITOKU] using Python package
[YOMITOKU] copied to temp ASCII path: data\uploads\yomitoku_output\yomi_cli_bcapov00\input.pdf
[YOMITOKU] CLI: C:\jidoushiwake\.venv\Scripts\yomitoku.EXE
[YOMITOKU] OutDir: data\uploads\yomitoku_output
[YOMITOKU] Cmd: C:\jidoushiwake\.venv\Scripts\yomitoku.EXE data\uploads\yomitoku_output\yomi_cli_bcapov00\input.pdf -f md --combine --encoding utf-8 -o data\uploads\yomitoku_output
[YOMITOKU] CLI returncode: 0

----- CLI STDOUT -----


----- CLI STDERR -----
2025-11-06 12:20:23,069 - yomitoku.base - INFO - Initialize TextDetector
2025-11-06 12:20:24,303 - yomitoku.base - WARNING - CUDA is not available. Use CPU instead.
2025-11-06 12:20:24,306 - yomitoku.base - INFO - Initialize TextRecognizer
2025-11-06 12:20:25,360 - yomitoku.base - WARNING - CUDA is not available. Use CPU instead.
2025-11-06 12:20:25,363 - yomitoku.base - INFO - Initialize LayoutParser
2025-11-06 12:20:26,096 - yomitoku.base - WARNING - CUDA is not available. Use CPU instead.
2025-11-06 12:20:26,104 - yomitoku.base - INFO - Initialize TableStructureRecognizer
2025-11-06 12:20:26,860 - yomitoku.base - WARNING - CUDA is not available. Use CPU instead.
2025-11-06 12:20:26,870 - yomitoku.cli.main - INFO - Output directory: data\uploads\yomitoku_output
2025-11-06 12:20:26,870 - yomitoku.cli.main - INFO - Processing file: data\uploads\yomitoku_output\yomi_cli_bcapov00\input.pdf
2025-11-06 12:20:28,875 - yomitoku.base - INFO - LayoutParser __call__ elapsed_time: 1.9649028778076172
2025-11-06 12:20:28,883 - yomitoku.base - INFO - TableStructureRecognizer __call__ elapsed_time: 0.007512092590332031
2025-11-06 12:20:30,113 - yomitoku.base - INFO - TextDetector __call__ elapsed_time: 3.20375657081604
2025-11-06 12:20:34,271 - yomitoku.base - INFO - TextRecognizer __call__ elapsed_time: 4.158451557159424
2025-11-06 12:20:34,279 - yomitoku.cli.main - INFO - Total Processing time: 7.41 sec

[YOMITOKU] collected: uploads_20251105.md (638 chars)
[YOMITOKU] collected: yomi_cli_bcapov00_input.md (243 chars)
[YOMITOKU] collected: yomi_cli_sp_4ysto_input.md (476 chars)
[YOMITOKU] collected: yomi_cli_v7qiv8ei_input.md (243 chars)
[YOMITOKU] total collected text: 1606 chars
[YOMITOKU] done
