[YOMITOKU] start: data\uploads\20250319_ミーツサンエー平野店.pdf
[YOMITOKU] using Python package
[YOMITOKU] CLI: C:\jidoushiwake\.venv\Scripts\yomitoku.EXE
[YOMITOKU] OutDir: data\uploads\yomitoku_output\20250319____________20251106_154813_6921
[YOMITOKU] Cmd: C:\jidoushiwake\.venv\Scripts\yomitoku.EXE data\uploads\20250319_ミーツサンエー平野店.pdf -f md --combine --encoding utf-8 -o data\uploads\yomitoku_output\20250319____________20251106_154813_6921
[YOMITOKU] CLI returncode: 0

----- CLI STDOUT -----


----- CLI STDERR -----
2025-11-06 15:48:20,810 - yomitoku.base - INFO - Initialize TextDetector
2025-11-06 15:48:22,670 - yomitoku.base - WARNING - CUDA is not available. Use CPU instead.
2025-11-06 15:48:22,672 - yomitoku.base - INFO - Initialize TextRecognizer
2025-11-06 15:48:23,997 - yomitoku.base - WARNING - CUDA is not available. Use CPU instead.
2025-11-06 15:48:24,001 - yomitoku.base - INFO - Initialize LayoutParser
2025-11-06 15:48:24,963 - yomitoku.base - WARNING - CUDA is not available. Use CPU instead.
2025-11-06 15:48:24,972 - yomitoku.base - INFO - Initialize TableStructureRecognizer
2025-11-06 15:48:26,048 - yomitoku.base - WARNING - CUDA is not available. Use CPU instead.
2025-11-06 15:48:26,060 - yomitoku.cli.main - INFO - Output directory: data\uploads\yomitoku_output\20250319____________20251106_154813_6921
2025-11-06 15:48:26,060 - yomitoku.cli.main - INFO - Processing file: data\uploads\20250319_ミーツサンエー平野店.pdf
2025-11-06 15:48:28,116 - yomitoku.base - INFO - LayoutParser __call__ elapsed_time: 1.992647409439087
2025-11-06 15:48:28,120 - yomitoku.base - INFO - TableStructureRecognizer __call__ elapsed_time: 0.004146575927734375
2025-11-06 15:48:29,493 - yomitoku.base - INFO - TextDetector __call__ elapsed_time: 3.3743886947631836
2025-11-06 15:48:42,354 - yomitoku.base - INFO - TextRecognizer __call__ elapsed_time: 12.861023664474487
2025-11-06 15:48:42,384 - yomitoku.cli.main - INFO - Total Processing time: 16.32 sec

[YOMITOKU] collected: uploads_20250319_ミーツサンエー平野店.md (476 chars)
[YOMITOKU] total collected text: 476 chars
[YOMITOKU] done
