[YOMITOKU] start: data\uploads\20250725_%.pdf
[YOMITOKU] using Python package
[YOMITOKU] CLI: C:\jidoushiwake\.venv\Scripts\yomitoku.EXE
[YOMITOKU] OutDir: data\uploads\yomitoku_output
[YOMITOKU] Cmd: C:\jidoushiwake\.venv\Scripts\yomitoku.EXE data\uploads\20250725_%.pdf -f md --combine --encoding utf-8 -o data\uploads\yomitoku_output
[YOMITOKU] CLI returncode: 1
[YOMITOKU] CLI stderr: 2025-11-04 15:12:35,789 - yomitoku.base - INFO - Initialize TextDetector
2025-11-04 15:12:36,846 - yomitoku.base - WARNING - CUDA is not available. Use CPU instead.
2025-11-04 15:12:36,849 - yomitoku.base - INFO - Initialize TextRecognizer
2025-11-04 15:12:38,143 - yomitoku.base - WARNING - CUDA is not available. Use CPU instead.
2025-11-04 15:12:38,147 - yomitoku.base - INFO - Initialize LayoutParser
2025-11-04 15:12:38,882 - yomitoku.base - WARNING - CUDA is not available. Use CPU instead.
202
[YOMITOKU] total collected text: 0 chars
[YOMITOKU] start: data\uploads\(レシート日付)_ri.pdf
[YOMITOKU] using Python package
[YOMITOKU] CLI: C:\jidoushiwake\.venv\Scripts\yomitoku.EXE
[YOMITOKU] OutDir: data\uploads\yomitoku_output
[YOMITOKU] Cmd: C:\jidoushiwake\.venv\Scripts\yomitoku.EXE data\uploads\(レシート日付)_ri.pdf -f md --combine --encoding utf-8 -o data\uploads\yomitoku_output
[YOMITOKU] CLI returncode: 1
[YOMITOKU] CLI stderr: 2025-11-04 15:13:58,493 - yomitoku.base - INFO - Initialize TextDetector
2025-11-04 15:13:59,749 - yomitoku.base - WARNING - CUDA is not available. Use CPU instead.
2025-11-04 15:13:59,752 - yomitoku.base - INFO - Initialize TextRecognizer
2025-11-04 15:14:01,204 - yomitoku.base - WARNING - CUDA is not available. Use CPU instead.
2025-11-04 15:14:01,209 - yomitoku.base - INFO - Initialize LayoutParser
2025-11-04 15:14:02,059 - yomitoku.base - WARNING - CUDA is not available. Use CPU instead.
202
[YOMITOKU] total collected text: 0 chars
[YOMITOKU] start: data\uploads\(レシート日付)_tmm.pdf
[YOMITOKU] using Python package
[YOMITOKU] CLI: C:\jidoushiwake\.venv\Scripts\yomitoku.EXE
[YOMITOKU] OutDir: data\uploads\yomitoku_output
[YOMITOKU] Cmd: C:\jidoushiwake\.venv\Scripts\yomitoku.EXE data\uploads\(レシート日付)_tmm.pdf -f md --combine --encoding utf-8 -o data\uploads\yomitoku_output
[YOMITOKU] CLI returncode: 1
[YOMITOKU] CLI stderr: 2025-11-04 15:14:11,788 - yomitoku.base - INFO - Initialize TextDetector
2025-11-04 15:14:13,342 - yomitoku.base - WARNING - CUDA is not available. Use CPU instead.
2025-11-04 15:14:13,349 - yomitoku.base - INFO - Initialize TextRecognizer
2025-11-04 15:14:15,147 - yomitoku.base - WARNING - CUDA is not available. Use CPU instead.
2025-11-04 15:14:15,152 - yomitoku.base - INFO - Initialize LayoutParser
2025-11-04 15:14:16,433 - yomitoku.base - WARNING - CUDA is not available. Use CPU instead.
202
[YOMITOKU] total collected text: 0 chars
[YOMITOKU] start: data\uploads\20250725_%.pdf
[YOMITOKU] using Python package
[YOMITOKU] CLI: C:\jidoushiwake\.venv\Scripts\yomitoku.EXE
[YOMITOKU] OutDir: data\uploads\yomitoku_output
[YOMITOKU] Cmd: C:\jidoushiwake\.venv\Scripts\yomitoku.EXE data\uploads\20250725_%.pdf -f md --combine --encoding utf-8 -o data\uploads\yomitoku_output
[YOMITOKU] CLI returncode: 1
[YOMITOKU] CLI stderr: 2025-11-04 15:14:24,159 - yomitoku.base - INFO - Initialize TextDetector
2025-11-04 15:14:25,357 - yomitoku.base - WARNING - CUDA is not available. Use CPU instead.
2025-11-04 15:14:25,360 - yomitoku.base - INFO - Initialize TextRecognizer
2025-11-04 15:14:26,653 - yomitoku.base - WARNING - CUDA is not available. Use CPU instead.
2025-11-04 15:14:26,656 - yomitoku.base - INFO - Initialize LayoutParser
2025-11-04 15:14:27,549 - yomitoku.base - WARNING - CUDA is not available. Use CPU instead.
202
[YOMITOKU] total collected text: 0 chars
[YOMITOKU] start: data\uploads\20251023.pdf
[YOMITOKU] using Python package
[YOMITOKU] CLI: C:\jidoushiwake\.venv\Scripts\yomitoku.EXE
[YOMITOKU] OutDir: data\uploads\yomitoku_output
[YOMITOKU] Cmd: C:\jidoushiwake\.venv\Scripts\yomitoku.EXE data\uploads\20251023.pdf -f md --combine --encoding utf-8 -o data\uploads\yomitoku_output
[YOMITOKU] CLI returncode: 1
[YOMITOKU] CLI stderr: 2025-11-04 15:14:35,165 - yomitoku.base - INFO - Initialize TextDetector
2025-11-04 15:14:36,285 - yomitoku.base - WARNING - CUDA is not available. Use CPU instead.
2025-11-04 15:14:36,287 - yomitoku.base - INFO - Initialize TextRecognizer
2025-11-04 15:14:37,499 - yomitoku.base - WARNING - CUDA is not available. Use CPU instead.
2025-11-04 15:14:37,502 - yomitoku.base - INFO - Initialize LayoutParser
2025-11-04 15:14:38,244 - yomitoku.base - WARNING - CUDA is not available. Use CPU instead.
202
[YOMITOKU] total collected text: 0 chars
