[YOMITOKU] start: data\uploads\20251105.pdf
[YOMITOKU] using Python package
[YOMITOKU] CLI: C:\jidoushiwake\.venv\Scripts\yomitoku.EXE
[YOMITOKU] OutDir: data\uploads\yomitoku_output\20251105_20251106_155045_6471
[YOMITOKU] Cmd: C:\jidoushiwake\.venv\Scripts\yomitoku.EXE data\uploads\20251105.pdf -f md --combine --encoding utf-8 -o data\uploads\yomitoku_output\20251105_20251106_155045_6471
[YOMITOKU] CLI returncode: 0

----- CLI STDOUT -----


----- CLI STDERR -----
2025-11-06 15:50:53,640 - yomitoku.base - INFO - Initialize TextDetector
2025-11-06 15:50:55,812 - yomitoku.base - WARNING - CUDA is not available. Use CPU instead.
2025-11-06 15:50:55,812 - yomitoku.base - INFO - Initialize TextRecognizer
2025-11-06 15:50:57,179 - yomitoku.base - WARNING - CUDA is not available. Use CPU instead.
2025-11-06 15:50:57,183 - yomitoku.base - INFO - Initialize LayoutParser
2025-11-06 15:50:58,412 - yomitoku.base - WARNING - CUDA is not available. Use CPU instead.
2025-11-06 15:50:58,421 - yomitoku.base - INFO - Initialize TableStructureRecognizer
2025-11-06 15:50:59,410 - yomitoku.base - WARNING - CUDA is not available. Use CPU instead.
2025-11-06 15:50:59,425 - yomitoku.cli.main - INFO - Output directory: data\uploads\yomitoku_output\20251105_20251106_155045_6471
2025-11-06 15:50:59,425 - yomitoku.cli.main - INFO - Processing file: data\uploads\20251105.pdf
2025-11-06 15:51:01,977 - yomitoku.base - INFO - LayoutParser __call__ elapsed_time: 2.4732248783111572
2025-11-06 15:51:01,984 - yomitoku.base - INFO - TableStructureRecognizer __call__ elapsed_time: 0.006743192672729492
2025-11-06 15:51:03,174 - yomitoku.base - INFO - TextDetector __call__ elapsed_time: 3.670438289642334
2025-11-06 15:51:19,316 - yomitoku.base - INFO - TextRecognizer __call__ elapsed_time: 16.14059853553772
2025-11-06 15:51:19,367 - yomitoku.cli.main - INFO - Total Processing time: 19.94 sec

[YOMITOKU] collected: uploads_20251105.md (638 chars)
[YOMITOKU] total collected text: 638 chars
[YOMITOKU] done
